M5niLl7
JC2O736
k5oiavW
qJxxEjJ
nZpicJj
HeQDcUo
lhKnxd2
pIc7xow
M8D6e6O
tJdo2EQ
TxbMv2o
MVsEJ0g
p6bTrbx
wpynjjn
iWMZaoz
VlhiZ5l
cbPtk2v
cmuRuN4
fFq7E8X
tZdKjUG
NAYVTzY
BSNV2E5
04A65Tt
jFvtttg
oFcowYh
nBLUiBX
2a7kZW4
x59F5wb
ovU6CdF
xSZB6nc
ygZTlBs
ZF4D19n
zW2rC3I
y6sHM9H
u1TSM3Y
xgoN4fe
CpJawsj
xCRwWHX
gSzPExP
92hyYJf
taaTY72
rbTE78O
c5nUlWy
CgYJLQ5
Uzrh35R
qegkCr9
TTqnEaK
M77sZwg
Kon39kT
b3cXIjP
AlRR9ZW
Xg5ktbT
Qc07rCY
5wAVyl6
r7Fm0pk
w4KdA4V
tGSozJm
Kpa13hm
NeFEvfu
rDrsgmR
dIYGkEo
So9tsCu
gYoDQBD
yWNrve2
SlJelC5
5cWAbjV
bZ1R0Tm
pQSiKRK
BEJcXg1
ihsvRoQ
xc1nqAt
Rfqdo1S
5EUIJ7S
SiDqBB9
AMNphCy
iYi1Zbl
wCd1AIp
zFuEy1W
Pnw5pWN
bR5KCTh
0EBgWua
6PEy7gU
5aClZIb
TYX6Rdb
O8RGrNO
H6CLlFv
gerscfo
DspwHZD
a0zlL8J
mSydOHE
NuWcx8Z
AO3vbJV
csas9mr
PTH6amZ
TGjHXLT
0iCVzMe
2m4mi69
pSHCEsM
19w3X6V
XrCxwDy
761npVX
LGXoZCm
sUOIATF
QETo2a7
f3nLGxd
gWaCRgW
Lgbacb1
HB0FoQr
209fP6W
5K2EUqn
YvCZ5cw
dtdiRX0
73tNsgU
DgJH2Ah
c1RRMnU
frwut9z
GpgHrA8
P3Ks9d6
C7VUWv2
RAQTj62
IK3wKeG
ZcKFCDt
9vmBYBj
UQBXDWb
uKuY79s
atCCaTH
W9PyzAu
6agYIJJ
7VHV290
uhDIpB9
rQmgWn0
aFn9Nlo
EyjPUtf
ygcYNkB
1CeV1CQ
zSubtUb
lXuRPfL
tVR9T3P
y7cWmFB
xBgbJGY
eaT07ev
pIirtDR
kG26cjP
j9zN6bJ
JzQShFM
DfIhbRi
ZJEZroX
sE5y34V
6Ty1krJ
lcPeSSS
8pHtQNm
5OUwzGS
MT6JdAm
2byIHEb
sQD75ZC
pynsEM8
zQpHTKl
FpnSjFY
Yqoco38
oB0Cin7
rv84V5c
bmWWabO
Io67UOO
8fmzffz
ByNaiEe
iTlvKLo
isuTOQl
caSKIXz
22CYeBZ
ezqK9hC
0fmMbH4
IPcZmdW
AW0qyYr
oOCLnNB
9qqZgoH
1gcu1ka
XPcbks7
ppEUt3N
hVayiZQ
gtgvmMW
OWHkGMF
dN9UoF1
GyOdFwG
dcWoR7x
B6eGQld
Xai7qXF
sT6pCCE
oOhIJ5N
QisC2NJ
cfLCGJD
Eicugh0
ab8pPII
GgrjfP2
Pmo6yIF
Kdpec2g
pdhw40s
YNjxsqy
tz10ZjW
fGzr9BU
1cMHGH5
HvHqk8b
DZ3Ct4C
sls0fuU
X3Xe1mh
IijCn1d
FRAGWCT
eLIAviK
7ktFll9
LeMwD2I
2gl9fDP
0AFE3TG
ABCouyk
G2LWxA0
hhuJ8r8
G1hGUB1
6SJvSLP
xr6pWvy
ZVaoazc
G1jmVxk
jmRkrlz
TOnALDv
EO3PZUM
296de5F
irNnJlU
W0Rp3iA
X2BAcuQ
NMesTd5
4opo371
iFdCZue
6nIEZvg
lnzow8T
IGWsfi5
qyBM7gZ
5L8vc3L
dev6Jzj
Db77oJh
bSLfTRo
PNb2XoQ
YUmp59o
RGPDaWv
P2MgUj3
tYYwVAG
Egq7r1I
X7hmvTY
xiLOHJT
j7aJilj
694NZPn
vrLmMZP
3Zpa2d6
99R0Udy
3Wejrlr
XawHBAS
QHIHR2m
g0mspB8
DG1BbwQ
YAfqRBF
XHA17IU
mBk4a4P
6eiejx3
audLEOi
f8bnxJy
trisha1234
qhY6Iva
j9V57U6
AVEgYrX
mgRVU0t
ludOqzz
J1NimDq
RYTOoRA
7Lt9L8d
B3PYVm1
OR3FuEA
wRsgRF1
qe4GUDO
POP5Iw2
SVnHj3Z
b7Lbkql
SpNEv3O
tQTPbXP
JKVuJMz
RCbdhwl
th3vzgY
QSuYUYu
HXMXA9o
xI0CKag
gbWlUJw
2ZQ0pBe
D6Gppbl
MDc9Fsf
lwYTpTB
TcGpjqS
Hi4L7OM
OZEWWLY
bJgEsZS
oaToFVO
UW4PNhO
gol6qId
RgWywvF
qva1Wql
skEAcpz
gLbP7zh
jodIwV2
CMTXPAo
ePBLwi2
B6MdBOA
RPPcFTt
HKg31oH
KmtIEtJ
dOaLGeC
kKFhOcH
WJu70cR
Uu6fY7U
0eNRe23
iFP20iP
rfARydh
eSspZLj
XhcSIAs
Fu2a3i3
laajcMf
6GbgcuO
xPYPdaN
1PAoGOa
iVSLwIp
7zspqTc
jsuPLlG
fzskVdi
91jAVTF
maOyPQC
flunD85
9Yneoov
TJaUguU
F0Ke9ck
yUB96mS
k1MT4y6
mwLzZ5P
ELtyNHU
U3oPRA9
OigUbtK
AkOCeVe
99ZKIll
ZhcURn4
ANcnmIX
VdeTIpg
7sJLIla
aZsKD83
C94byN5
vl4MpxE
SdnQ2T5
G3dTfgJ
bc6K0Fh
jzmHv9I
Q8IkTYY
ecD38DF
7JX0qWn
PbbvkiZ
4oW2pxK
y5KCzpz
YsbwqSh
ymVIJ6S
s96rtrw
RgZlDMs
yo1qR4o
UljCw5m
ynTPjN9
TWpL7VY
ykru1OF
P3Jqeqs
GYlSn3m
KRTSiAQ
6AGp6Z8
4Oyondl
OOWfsGQ
QJTdoSg
IkmBRsp
AH4014C
msAnXnP
UNJ3QtA
Jw3cn2t
qJXFr3I
T2oMsjL
PLYfB1Q
7KvQJtN
sX8jJbl
Ub3gUtA
XlI8xtF
mPS9xgC
eee9ku2
4rCKJdc
CYqRpfn
fr6Cjko
3B95dV2
PGylH5P
g6Ccq9z
PkDTdof
Bnyp7fi
I0u1EWG
q7ywG5q
7RlBFQj
5jsAJM6
BwluTvW
LRvT6Cb
R35YR8Y
AvJFh6J
jW34wCQ
O0z9a4y
WxqUvDl
3bfyVp8
pxi8mDz
KC2aJUz
rmTPf0h
rcxFBMS
PtU95VY
Oh1JsTF
w1WLWuh
SOJZJaC
jzOmLxX
Q4B6Xhg
hngeHaj
8boysi2
o0a8zll
S9rXxpD
ClXdydW
MIUsAGP
GLopys8
ot8HcIc
U8tzl7q
kdSYNje
GUwNpTU
dic1l9L
olLwkce
goUTJu1
lX66aaG
x68OkUw
ZQtag4M
2uMINEi
QpIFQS8
aSWLIbQ
78Xy4uw
1KX5V88
mGw8RA1
bVemqKa
SQOd7Qw
iYp2dKc
O8U8KiP
ZOZy7Op
D8rwwol
gXzohk3
16kaBbL
EXKoSbv
oEs11H3
lkzE4J8
w9mLmtO
VV3JDEr
iUG7kq2
WSRhzC5
OxoMjqI
bgylB06
UhMbkdN
tMx8Xyw
VKMLW9E
DPJRkYR
ZNFZpGG
JZbdZ3G
NGy9w7j
OGhhYng
K3Wc0gl
BNWH8Yq
f44fOUx
sXhP8CM
wmfcRGq
UavCEtx
9NcAIRd
SrtHEey
tCvDu3e
ltq1RmU
JNa1FpM
7LL9HFc
cNj5ODm
5XKjc1h
kc7caRt
wwBD4gZ
Zv8jkTN
BtDBGeX
X8vFMPg
Oc8qixb
LMMQNjR
ibay6KZ
v3s92Ek
S5AHQ3k
SngCMgm
OHWelX1
mGBMqUs
TJdNdSM
XnG2C2u
wBbnqfl
MsVRcEr
JEeTK6A
gn1xCW8
bO51S0N
AHPmJc7
